// Jest Snapshot v1, https://goo.gl/fbAQLP

exports[`ConversionRateForm matches the saved snapshot 1`] = `
<form
  className="styles.container"
>
  <div
    className="field styles.field"
  >
    <div
      className="control"
    >
      <div
        className="select"
      >
        <select>
          <option>
            Pick Base Currency
          </option>
          <option>
            BGN
          </option>
          <option>
            NZD
          </option>
          <option>
            ILS
          </option>
          <option>
            RUB
          </option>
          <option>
            CAD
          </option>
          <option>
            USD
          </option>
          <option>
            PHP
          </option>
          <option>
            CHF
          </option>
          <option>
            ZAR
          </option>
          <option>
            AUD
          </option>
          <option>
            JPY
          </option>
          <option>
            TRY
          </option>
          <option>
            HKD
          </option>
          <option>
            MYR
          </option>
          <option>
            THB
          </option>
          <option>
            HRK
          </option>
          <option>
            NOK
          </option>
          <option>
            IDR
          </option>
          <option>
            DKK
          </option>
          <option>
            CZK
          </option>
          <option>
            HUF
          </option>
          <option>
            GBP
          </option>
          <option>
            MXN
          </option>
          <option>
            KRW
          </option>
          <option>
            ISK
          </option>
          <option>
            SGD
          </option>
          <option>
            BRL
          </option>
          <option>
            PLN
          </option>
          <option>
            INR
          </option>
          <option>
            RON
          </option>
          <option>
            CNY
          </option>
          <option>
            SEK
          </option>
        </select>
      </div>
    </div>
  </div>
  <div
    className="field styles.field"
  >
    <div
      className="control"
    >
      <div
        className="select"
      >
        <select>
          <option>
            Pick Target Currency
          </option>
          <option>
            BGN
          </option>
          <option>
            NZD
          </option>
          <option>
            ILS
          </option>
          <option>
            RUB
          </option>
          <option>
            CAD
          </option>
          <option>
            USD
          </option>
          <option>
            PHP
          </option>
          <option>
            CHF
          </option>
          <option>
            ZAR
          </option>
          <option>
            AUD
          </option>
          <option>
            JPY
          </option>
          <option>
            TRY
          </option>
          <option>
            HKD
          </option>
          <option>
            MYR
          </option>
          <option>
            THB
          </option>
          <option>
            HRK
          </option>
          <option>
            NOK
          </option>
          <option>
            IDR
          </option>
          <option>
            DKK
          </option>
          <option>
            CZK
          </option>
          <option>
            HUF
          </option>
          <option>
            GBP
          </option>
          <option>
            MXN
          </option>
          <option>
            KRW
          </option>
          <option>
            ISK
          </option>
          <option>
            SGD
          </option>
          <option>
            BRL
          </option>
          <option>
            PLN
          </option>
          <option>
            INR
          </option>
          <option>
            RON
          </option>
          <option>
            CNY
          </option>
          <option>
            SEK
          </option>
        </select>
      </div>
    </div>
  </div>
  <div
    className="field styles.field"
  >
    <div
      className="control"
    >
      <input
        className="input"
        type="date"
      />
    </div>
  </div>
  <button
    className="button is-primary"
  >
    Look Up
  </button>
</form>
`;
