// Jest Snapshot v1, https://goo.gl/fbAQLP

exports[`ConversionRateForm matches the saved snapshot 1`] = `
<form
  className="styles.container"
>
  <Select
    label="Pick Base Currency"
    onSelect={[Function]}
    value=""
  />
  <Select
    label="Pick Target Currency"
    onSelect={[Function]}
    value=""
  />
  <Date
    onDate={[Function]}
    value=""
  />
  <button
    className="button is-primary"
  >
    Look Up
  </button>
</form>
`;
