// Jest Snapshot v1, https://goo.gl/fbAQLP

exports[`Select matches the saved snapshot 1`] = `
<div
  className="field styles.field"
>
  <div
    className="control"
  >
    <div
      className="select"
    >
      <select
        onChange={[Function]}
        value="default value"
      >
        <option
          value="-1"
        >
          default label
        </option>
        <option
          value="BGN"
        >
          BGN
        </option>
        <option
          value="NZD"
        >
          NZD
        </option>
        <option
          value="ILS"
        >
          ILS
        </option>
        <option
          value="RUB"
        >
          RUB
        </option>
        <option
          value="CAD"
        >
          CAD
        </option>
        <option
          value="USD"
        >
          USD
        </option>
        <option
          value="PHP"
        >
          PHP
        </option>
        <option
          value="CHF"
        >
          CHF
        </option>
        <option
          value="ZAR"
        >
          ZAR
        </option>
        <option
          value="AUD"
        >
          AUD
        </option>
        <option
          value="JPY"
        >
          JPY
        </option>
        <option
          value="TRY"
        >
          TRY
        </option>
        <option
          value="HKD"
        >
          HKD
        </option>
        <option
          value="MYR"
        >
          MYR
        </option>
        <option
          value="THB"
        >
          THB
        </option>
        <option
          value="HRK"
        >
          HRK
        </option>
        <option
          value="NOK"
        >
          NOK
        </option>
        <option
          value="IDR"
        >
          IDR
        </option>
        <option
          value="DKK"
        >
          DKK
        </option>
        <option
          value="CZK"
        >
          CZK
        </option>
        <option
          value="HUF"
        >
          HUF
        </option>
        <option
          value="GBP"
        >
          GBP
        </option>
        <option
          value="MXN"
        >
          MXN
        </option>
        <option
          value="KRW"
        >
          KRW
        </option>
        <option
          value="ISK"
        >
          ISK
        </option>
        <option
          value="SGD"
        >
          SGD
        </option>
        <option
          value="BRL"
        >
          BRL
        </option>
        <option
          value="PLN"
        >
          PLN
        </option>
        <option
          value="INR"
        >
          INR
        </option>
        <option
          value="RON"
        >
          RON
        </option>
        <option
          value="CNY"
        >
          CNY
        </option>
        <option
          value="SEK"
        >
          SEK
        </option>
      </select>
    </div>
  </div>
</div>
`;
