// Jest Snapshot v1, https://goo.gl/fbAQLP

exports[`App matches the saved snapshot 1`] = `
<div
  className="styles.container"
>
  <h1
    className="title"
  >
    Look Up Conversion Rate
  </h1>
  <ConversionRateForm
    appendError={[Function]}
    clearError={[Function]}
  />
  <Notifications
    errors={Array []}
  />
</div>
`;
